src/admin/ManageBlogs.tsx(5,41): error TS2307: Cannot find module '@/utils/formatters' or its corresponding type declarations.
src/admin/ManageProjects.tsx(5,28): error TS2307: Cannot find module '@/utils/formatters' or its corresponding type declarations.
src/components/Projects.tsx(5,22): error TS2307: Cannot find module '../assets/green.png' or its corresponding type declarations.
src/components/Projects.tsx(6,21): error TS2307: Cannot find module '../assets/keye.png' or its corresponding type declarations.
src/components/Projects.tsx(7,25): error TS2307: Cannot find module '../assets/videon8n.png' or its corresponding type declarations.
src/components/Projects.tsx(8,23): error TS2307: Cannot find module '../assets/solana.jpeg' or its corresponding type declarations.
src/components/Projects.tsx(9,25): error TS2307: Cannot find module '../assets/linkedin.png' or its corresponding type declarations.
src/components/Projects.tsx(10,23): error TS2307: Cannot find module '../assets/dawood.png' or its corresponding type declarations.
src/components/Projects.tsx(11,20): error TS2307: Cannot find module '../assets/rhs.png' or its corresponding type declarations.
src/components/Projects.tsx(12,21): error TS2307: Cannot find module '../assets/coco.png' or its corresponding type declarations.
src/components/Projects.tsx(13,22): error TS2307: Cannot find module '../assets/totky.png' or its corresponding type declarations.
src/components/Projects.tsx(14,22): error TS2307: Cannot find module '../assets/libas.png' or its corresponding type declarations.
src/components/Projects.tsx(15,23): error TS2307: Cannot find module '../assets/cartistan.png' or its corresponding type declarations.
src/components/Projects.tsx(16,21): error TS2307: Cannot find module '../assets/flow.png' or its corresponding type declarations.
src/components/ui/calendar.tsx(55,9): error TS2353: Object literal may only specify known properties, and 'IconLeft' does not exist in type 'Partial<CustomComponents>'.
src/components/ui/chart.tsx(117,7): error TS2339: Property 'payload' does not exist on type 'Omit<Omit<Props<ValueType, NameType>, PropertiesReadFromContext> & { active?: boolean; allowEscapeViewBox?: AllowInDimension; ... 24 more ...; wrapperStyle?: CSSProperties; } & ClassAttributes<...> & HTMLAttributes<...> & { ...; }, "ref">'.
src/components/ui/chart.tsx(122,7): error TS2339: Property 'label' does not exist on type 'Omit<Omit<Props<ValueType, NameType>, PropertiesReadFromContext> & { active?: boolean; allowEscapeViewBox?: AllowInDimension; ... 24 more ...; wrapperStyle?: CSSProperties; } & ClassAttributes<...> & HTMLAttributes<...> & { ...; }, "ref">'.
src/components/ui/chart.tsx(262,41): error TS2344: Type '"verticalAlign" | "payload"' does not satisfy the constraint '"string" | "filter" | "fill" | "values" | "style" | "clipPath" | "mask" | "path" | "key" | "type" | "suppressHydrationWarning" | "className" | "id" | "lang" | "tabIndex" | "role" | ... 430 more ... | "onBBoxUpdate"'.
  Type '"payload"' is not assignable to type '"string" | "filter" | "fill" | "values" | "style" | "clipPath" | "mask" | "path" | "key" | "type" | "suppressHydrationWarning" | "className" | "id" | "lang" | "tabIndex" | "role" | ... 430 more ... | "onBBoxUpdate"'.
src/components/ui/chart.tsx(273,19): error TS2339: Property 'length' does not exist on type 'unknown'.
src/components/ui/chart.tsx(286,18): error TS2339: Property 'map' does not exist on type 'unknown'.
src/components/ui/resizable.tsx(9,51): error TS2339: Property 'PanelGroup' does not exist on type 'typeof import("C:/Users/Usman/UsmanImran/Zyfloatix_New/node_modules/react-resizable-panels/dist/react-resizable-panels")'.
src/components/ui/resizable.tsx(10,23): error TS2339: Property 'PanelGroup' does not exist on type 'typeof import("C:/Users/Usman/UsmanImran/Zyfloatix_New/node_modules/react-resizable-panels/dist/react-resizable-panels")'.
src/components/ui/resizable.tsx(25,51): error TS2339: Property 'PanelResizeHandle' does not exist on type 'typeof import("C:/Users/Usman/UsmanImran/Zyfloatix_New/node_modules/react-resizable-panels/dist/react-resizable-panels")'.
src/components/ui/resizable.tsx(28,23): error TS2339: Property 'PanelResizeHandle' does not exist on type 'typeof import("C:/Users/Usman/UsmanImran/Zyfloatix_New/node_modules/react-resizable-panels/dist/react-resizable-panels")'.
src/components/ui/resizable.tsx(40,24): error TS2339: Property 'PanelResizeHandle' does not exist on type 'typeof import("C:/Users/Usman/UsmanImran/Zyfloatix_New/node_modules/react-resizable-panels/dist/react-resizable-panels")'.
src/components/ui/sidebar.tsx(6,29): error TS2307: Cannot find module '@/hooks/use-mobile' or its corresponding type declarations.
src/components/ui/toaster.tsx(1,26): error TS2307: Cannot find module '@/hooks/use-toast' or its corresponding type declarations.
src/components/ui/use-toast.ts(1,33): error TS2307: Cannot find module '@/hooks/use-toast' or its corresponding type declarations.
src/contexts/AuthContext.tsx(24,36): error TS2339: Property 'env' does not exist on type 'ImportMeta'.
src/lib/supabase.ts(3,33): error TS2339: Property 'env' does not exist on type 'ImportMeta'.
src/lib/supabase.ts(4,37): error TS2339: Property 'env' does not exist on type 'ImportMeta'.
src/routes/ProtectedRoute.tsx(6,15): error TS2503: Cannot find namespace 'JSX'.
